Script started on Fri 18 Dec 2020 01:18:32 PM EST
[root@centos246 ~]# cd[K[Kls -la
total 36
dr-xr-x---.  8 root root  249 Dec 15 14:33 [0m[01;34m.[0m
dr-xr-xr-x. 21 root root  279 Dec 18 09:32 [01;34m..[0m
-rw-------.  1 root root 1428 Oct 28 15:14 anaconda-ks.cfg
drwxr-xr-x.  2 root root   21 Nov 14 11:18 [01;34marchive[0m
drwxr-xr-x.  3 root root   17 Nov 14 11:21 [01;34mbackup[0m
-rw-------.  1 root root 3360 Dec 18 11:37 .bash_history
-rw-r--r--.  1 root root   18 Dec 28  2013 .bash_logout
-rw-r--r--.  1 root root  176 Dec 28  2013 .bash_profile
-rw-r--r--.  1 root root  176 Dec 28  2013 .bashrc
drwxr-xr-x.  2 root root   21 Dec 17 09:18 [01;34mbin[0m
-rw-r--r--.  1 root root  100 Dec 28  2013 .cshrc
-rw-r--r--.  1 root root   47 Nov  3 15:07 .gitconfig
-rw-------.  1 root root   35 Nov 14 10:43 .lesshst
drwxr-xr-x.  2 root root    6 Nov 14 10:55 [01;34mlog.tar[0m
drwxr-----.  3 root root   19 Nov  3 14:46 [01;34m.pki[0m
drwxr-xr-x.  5 root root   76 Dec 15 13:54 [01;34mrepos[0m
-rw-r--r--.  1 root root  129 Dec 28  2013 .tcshrc
[root@centos246 ~]# cd /
[root@centos246 /]# ls
[0m[01;36mbin[0m   [01;34mdev[0m          [01;34metc[0m   [01;34mIS[0m     [01;36mlib[0m    [01;34mmedia[0m  [01;34mopt[0m   [01;34mroot[0m  [34;42mSales[0m  [01;34msrv[0m  [30;42mtmp[0m  [01;34mvar[0m
[01;34mboot[0m  [01;34mEngineering[0m  [01;34mhome[0m  [37;44mjamie[0m  [01;36mlib64[0m  [01;34mmnt[0m    [01;34mproc[0m  [01;34mrun[0m   [01;36msbin[0m   [01;34msys[0m  [01;34musr[0m
[root@centos246 /]# cd[K[Kls -k[Kl jame[Kie
total 0
[root@centos246 /]# ls -la jamie
total 0
drwxrwx--T.  2 jamie IT     6 Dec 18 09:32 [0m[37;44m.[0m
dr-xr-xr-x. 21 root  root 279 Dec 18 09:32 [01;34m..[0m
[root@centos246 /]# grep IT etc/[K[K[K[Ket[K[K/etc/group
[01;31m[KIT[m[K:x:1015:jamie,drew,smith
[root@centos246 /]# useradd jamie
useradd: user 'jamie' already exists
[root@centos246 /]# . /repos/[K[K[K[K[Koot/repos/CIS246-Final-Challenge-Lab/bash_script.sh
ERROR: duplicate, try different name
[root@centos246 /]# useradd melanie
[root@centos246 /]# useradd melanie. /root/repos/CIS246-Final-Challenge-Lab/bash_script.sh
Success
[root@centos246 /]# group add Music
bash: group: command not found
[root@centos246 /]# group add Music[Kgroupadd Music
[root@centos246 /]# groupadd Music[1@ [C[C[C[C[C[C[C[C[C. /root/repos/CIS246-Final-Challenge-Lab/bash_script.sh
Success
[root@centos246 /]# group ad[K[K[Kadd Music
groupadd: group 'Music' already exists
[root@centos246 /]# groupadd Music. /root/repos/CIS246-Final-Challenge-Lab/bash_script.sh
ERROR: duplicate, try different name
[root@centos246 /]# exit
exit

Script done on Fri 18 Dec 2020 01:21:52 PM EST
